// Jest Snapshot v1, https://goo.gl/fbAQLP

exports[`<Login /> matches snapshort 1`] = `ShallowWrapper {}`;
