// Jest Snapshot v1, https://goo.gl/fbAQLP

exports[`<SignupForm /> matches snapshort 1`] = `ShallowWrapper {}`;
