// Jest Snapshot v1, https://goo.gl/fbAQLP

exports[`<NotFound /> matches snapshort 1`] = `ShallowWrapper {}`;
