// Jest Snapshot v1, https://goo.gl/fbAQLP

exports[`<NaBbar /> matches snapshort 1`] = `ShallowWrapper {}`;
