// Jest Snapshot v1, https://goo.gl/fbAQLP

exports[`<Signup /> matches snapshort 1`] = `ShallowWrapper {}`;
