// Jest Snapshot v1, https://goo.gl/fbAQLP

exports[`<LoginForm /> matches snapshort 1`] = `ShallowWrapper {}`;
